#
# There is insufficient memory for the Java Runtime Environment to continue.
# Native memory allocation (mmap) failed to map 134217728 bytes. Error detail: G1 virtual space
# Possible reasons:
#   The system is out of physical RAM or swap space
#   This process is running with CompressedOops enabled, and the Java Heap may be blocking the growth of the native heap
# Possible solutions:
#   Reduce memory load on the system
#   Increase physical memory or swap space
#   Check if swap backing store is full
#   Decrease Java heap size (-Xmx/-Xms)
#   Decrease number of Java threads
#   Decrease Java thread stack sizes (-Xss)
#   Set larger code cache with -XX:ReservedCodeCacheSize=
#   JVM is running with Unscaled Compressed Oops mode in which the Java heap is
#     placed in the first 4GB address space. The Java Heap base address is the
#     maximum limit for the native heap growth. Please use -XX:HeapBaseMinAddress
#     to set the Java Heap base and to place the Java Heap above 4GB virtual address.
# This output file may be truncated or incomplete.
#
#  Out of Memory Error (os_windows.cpp:3686), pid=20000, tid=9780
#
# JRE version:  (21.0.7+6) (build )
# Java VM: OpenJDK 64-Bit Server VM (21.0.7+6-LTS, mixed mode, sharing, tiered, compressed oops, compressed class ptrs, g1 gc, windows-amd64)
# No core dump will be written. Minidumps are not enabled by default on client versions of Windows
#

---------------  S U M M A R Y ------------

Command Line: -Xms128m -Xmx512m target\MultiBranchRetailManagementSystem-1.0-shaded.jar

Host: Intel(R) Core(TM) i7-10510U CPU @ 1.80GHz, 8 cores, 15G,  Windows 11 , 64 bit Build 26100 (10.0.26100.7309)
Time: Thu Dec 25 12:26:44 2025 Malay Peninsula Standard Time elapsed time: 1.238114 seconds (0d 0h 0m 1s)

---------------  T H R E A D  ---------------

Current thread (0x000001f8d64c9050):  JavaThread "Unknown thread" [_thread_in_vm, id=9780, stack(0x000000218a900000,0x000000218aa00000) (1024K)]

Stack: [0x000000218a900000,0x000000218aa00000]
Native frames: (J=compiled Java code, j=interpreted, Vv=VM code, C=native code)
V  [jvm.dll+0x6ce119]
V  [jvm.dll+0x8a84a1]
V  [jvm.dll+0x8aa9ce]
V  [jvm.dll+0x8ab0b3]
V  [jvm.dll+0x27f8a6]
V  [jvm.dll+0x6ca945]
V  [jvm.dll+0x6bebea]
V  [jvm.dll+0x355eca]
V  [jvm.dll+0x35da96]
V  [jvm.dll+0x3af72e]
V  [jvm.dll+0x3af9d8]
V  [jvm.dll+0x32a05c]
V  [jvm.dll+0x32abbb]
V  [jvm.dll+0x871719]
V  [jvm.dll+0x3bc501]
V  [jvm.dll+0x85a743]
V  [jvm.dll+0x45080e]
V  [jvm.dll+0x452451]
C  [jli.dll+0x5278]
C  [ucrtbase.dll+0x37b0]
C  [KERNEL32.DLL+0x2e8d7]
C  [ntdll.dll+0x8c53c]


---------------  P R O C E S S  ---------------

Threads class SMR info:
_java_thread_list=0x00007ffd1e24a0c8, length=0, elements={
}

Java Threads: ( => current thread )
Total: 0

Other Threads:
  0x000001f8d64f34e0 WorkerThread "GC Thread#0"                     [id=3552, stack(0x000000218aa00000,0x000000218ab00000) (1024K)]
  0x000001f8d64f83d0 ConcurrentGCThread "G1 Main Marker"            [id=22532, stack(0x000000218ab00000,0x000000218ac00000) (1024K)]
  0x000001f8d64f8de0 WorkerThread "G1 Conc#0"                       [id=9120, stack(0x000000218ac00000,0x000000218ad00000) (1024K)]

[error occurred during error reporting (printing all threads), id 0xc0000005, EXCEPTION_ACCESS_VIOLATION (0xc0000005) at pc=0x00007ffd1d94c987]
VM state: not at safepoint (not fully initialized)

VM Mutex/Monitor currently owned by a thread:  ([mutex/lock_event])
[0x00007ffd1e2be408] Heap_lock - owner thread: 0x000001f8d64c9050

Heap address: 0x00000000e0000000, size: 512 MB, Compressed Oops mode: 32-bit

CDS archive(s) mapped at: [0x0000000000000000-0x0000000000000000-0x0000000000000000), size 0, SharedBaseAddress: 0x0000000800000000, ArchiveRelocationMode: 1.
Narrow klass base: 0x0000000000000000, Narrow klass shift: 0, Narrow klass range: 0x0

GC Precious Log:
 CardTable entry size: 512
 Card Set container configuration: InlinePtr #cards 5 size 8 Array Of Cards #cards 12 size 40 Howl #buckets 4 coarsen threshold 1843 Howl Bitmap #cards 512 size 80 coarsen threshold 460 Card regions per heap region 1 cards per card region 2048

Heap:
 garbage-first heap   total 0K, used 0K [0x00000000e0000000, 0x0000000100000000)
  region size 1024K, 0 young (0K), 0 survivors (0K)

[error occurred during error reporting (printing heap information), id 0xc0000005, EXCEPTION_ACCESS_VIOLATION (0xc0000005) at pc=0x00007ffd1dd37949]
GC Heap History (0 events):
No events

Dll operation events (1 events):
Event: 0.020 Loaded shared library D:\husam\javaproject\MultiBranchRetailManagementSystem\runtime\bin\java.dll

Deoptimization events (0 events):
No events

Classes loaded (0 events):
No events

Classes unloaded (0 events):
No events

Classes redefined (0 events):
No events

Internal exceptions (0 events):
No events

ZGC Phase Switch (0 events):
No events

VM Operations (0 events):
No events

Memory protections (0 events):
No events

Nmethod flushes (0 events):
No events

Events (0 events):
No events


Dynamic libraries:
0x00007ff67ed50000 - 0x00007ff67ed5e000 	D:\husam\javaproject\MultiBranchRetailManagementSystem\runtime\bin\java.exe
0x00007ffdc6940000 - 0x00007ffdc6ba7000 	C:\WINDOWS\SYSTEM32\ntdll.dll
0x00007ffdc5ce0000 - 0x00007ffdc5da9000 	C:\WINDOWS\System32\KERNEL32.DLL
0x00007ffdc3b50000 - 0x00007ffdc3f3f000 	C:\WINDOWS\System32\KERNELBASE.dll
0x00007ffdc4160000 - 0x00007ffdc42ab000 	C:\WINDOWS\System32\ucrtbase.dll
0x00007ffdad940000 - 0x00007ffdad95e000 	D:\husam\javaproject\MultiBranchRetailManagementSystem\runtime\bin\VCRUNTIME140.dll
0x00007ffdac5c0000 - 0x00007ffdac5d8000 	D:\husam\javaproject\MultiBranchRetailManagementSystem\runtime\bin\jli.dll
0x00007ffdc47d0000 - 0x00007ffdc4995000 	C:\WINDOWS\System32\USER32.dll
0x00007ffdbac30000 - 0x00007ffdbaec3000 	C:\WINDOWS\WinSxS\amd64_microsoft.windows.common-controls_6595b64144ccf1df_6.0.26100.7309_none_3e05feeae336a044\COMCTL32.dll
0x00007ffdc46b0000 - 0x00007ffdc46d7000 	C:\WINDOWS\System32\win32u.dll
0x00007ffdc4720000 - 0x00007ffdc474b000 	C:\WINDOWS\System32\GDI32.dll
0x00007ffdc49a0000 - 0x00007ffdc4a49000 	C:\WINDOWS\System32\msvcrt.dll
0x00007ffdc44d0000 - 0x00007ffdc45fc000 	C:\WINDOWS\System32\gdi32full.dll
0x00007ffdc4600000 - 0x00007ffdc46a3000 	C:\WINDOWS\System32\msvcp_win.dll
0x00007ffdc46e0000 - 0x00007ffdc4711000 	C:\WINDOWS\System32\IMM32.DLL
0x00007ffdadf40000 - 0x00007ffdadf4c000 	D:\husam\javaproject\MultiBranchRetailManagementSystem\runtime\bin\vcruntime140_1.dll
0x00007ffd83ec0000 - 0x00007ffd83f4d000 	D:\husam\javaproject\MultiBranchRetailManagementSystem\runtime\bin\msvcp140.dll
0x00007ffd1d610000 - 0x00007ffd1e3a0000 	D:\husam\javaproject\MultiBranchRetailManagementSystem\runtime\bin\server\jvm.dll
0x00007ffdc5db0000 - 0x00007ffdc5e64000 	C:\WINDOWS\System32\ADVAPI32.dll
0x00007ffdc5730000 - 0x00007ffdc57d6000 	C:\WINDOWS\System32\sechost.dll
0x00007ffdc4c30000 - 0x00007ffdc4d48000 	C:\WINDOWS\System32\RPCRT4.dll
0x00007ffdc4a50000 - 0x00007ffdc4ac4000 	C:\WINDOWS\System32\WS2_32.dll
0x00007ffdc38f0000 - 0x00007ffdc394e000 	C:\WINDOWS\SYSTEM32\POWRPROF.dll
0x00007ffdb0900000 - 0x00007ffdb0935000 	C:\WINDOWS\SYSTEM32\WINMM.dll
0x00007ffdb5480000 - 0x00007ffdb548b000 	C:\WINDOWS\SYSTEM32\VERSION.dll
0x00007ffdc38d0000 - 0x00007ffdc38e4000 	C:\WINDOWS\SYSTEM32\UMPDC.dll
0x00007ffdc2800000 - 0x00007ffdc281b000 	C:\WINDOWS\SYSTEM32\kernel.appcore.dll
0x00007ffdac810000 - 0x00007ffdac81a000 	D:\husam\javaproject\MultiBranchRetailManagementSystem\runtime\bin\jimage.dll
0x00007ffdbcba0000 - 0x00007ffdbcde2000 	C:\WINDOWS\SYSTEM32\DBGHELP.DLL
0x00007ffdc5950000 - 0x00007ffdc5cd5000 	C:\WINDOWS\System32\combase.dll
0x00007ffdc4d50000 - 0x00007ffdc4e26000 	C:\WINDOWS\System32\OLEAUT32.dll
0x00007ffdbb350000 - 0x00007ffdbb38c000 	C:\WINDOWS\SYSTEM32\dbgcore.DLL
0x00007ffdc4420000 - 0x00007ffdc44c5000 	C:\WINDOWS\System32\bcryptPrimitives.dll
0x00007ffda8d30000 - 0x00007ffda8d4f000 	D:\husam\javaproject\MultiBranchRetailManagementSystem\runtime\bin\java.dll

dbghelp: loaded successfully - version: 4.0.5 - missing functions: none
symbol engine: initialized successfully - sym options: 0x614 - pdb path: .;D:\husam\javaproject\MultiBranchRetailManagementSystem\runtime\bin;C:\WINDOWS\SYSTEM32;C:\WINDOWS\WinSxS\amd64_microsoft.windows.common-controls_6595b64144ccf1df_6.0.26100.7309_none_3e05feeae336a044;D:\husam\javaproject\MultiBranchRetailManagementSystem\runtime\bin\server

VM Arguments:
jvm_args: -Xms128m -Xmx512m 
java_command: target\MultiBranchRetailManagementSystem-1.0-shaded.jar
java_class_path (initial): target\MultiBranchRetailManagementSystem-1.0-shaded.jar
Launcher Type: SUN_STANDARD

[Global flags]
     intx CICompilerCount                          = 4                                         {product} {ergonomic}
     uint ConcGCThreads                            = 2                                         {product} {ergonomic}
     uint G1ConcRefinementThreads                  = 8                                         {product} {ergonomic}
   size_t G1HeapRegionSize                         = 1048576                                   {product} {ergonomic}
    uintx GCDrainStackTargetSize                   = 64                                        {product} {ergonomic}
   size_t InitialHeapSize                          = 134217728                                 {product} {command line}
   size_t MarkStackSize                            = 4194304                                   {product} {ergonomic}
   size_t MaxHeapSize                              = 536870912                                 {product} {command line}
   size_t MinHeapDeltaBytes                        = 1048576                                   {product} {ergonomic}
   size_t MinHeapSize                              = 134217728                                 {product} {command line}
    uintx NonNMethodCodeHeapSize                   = 5839372                                {pd product} {ergonomic}
    uintx NonProfiledCodeHeapSize                  = 122909434                              {pd product} {ergonomic}
    uintx ProfiledCodeHeapSize                     = 122909434                              {pd product} {ergonomic}
    uintx ReservedCodeCacheSize                    = 251658240                              {pd product} {ergonomic}
     bool SegmentedCodeCache                       = true                                      {product} {ergonomic}
   size_t SoftMaxHeapSize                          = 536870912                              {manageable} {ergonomic}
     bool UseCompressedOops                        = true                           {product lp64_product} {ergonomic}
     bool UseG1GC                                  = true                                      {product} {ergonomic}
     bool UseLargePagesIndividualAllocation        = false                                  {pd product} {ergonomic}

Logging:
Log output configuration:
 #0: stdout all=warning uptime,level,tags foldmultilines=false
 #1: stderr all=off uptime,level,tags foldmultilines=false

Environment Variables:
PATH=C:\Python314\Scripts\;C:\Python314\;C:\Program Files\Eclipse Adoptium\jdk-21.0.7.6-hotspot\bin;C:\Program Files (x86)\Common Files\Oracle\Java\javapath;C:\Program Files (x86)\Common Files\Intel\Shared Libraries\redist\intel64\compiler;C:\Windows\system32;C:\Windows;C:\Windows\System32\Wbem;C:\Windows\System32\WindowsPowerShell\v1.0\;C:\Windows\System32\OpenSSH\;C:\Program Files\dotnet\;C:\Program Files (x86)\NVIDIA Corporation\PhysX\Common;C:\WINDOWS\system32;C:\WINDOWS;C:\WINDOWS\System32\Wbem;C:\WINDOWS\System32\WindowsPowerShell\v1.0\;C:\WINDOWS\System32\OpenSSH\;C:\Program Files (x86)\ATI Technologies\ATI.ACE\Core-Static;C:\msys64\mingw64\bin;C:\Program Files (x86)\Windows Kits\10\Windows Performance Toolkit\;C:\apache-jmeter-5.6.3\bin;C:\Program Files\NVIDIA Corporation\NVIDIA App\NvDLISR;C:\Users\D\.cargo\bin;C:\Program Files\usbipd-win\;C:\Program Files\nodejs\;C:\ProgramData\chocolatey\bin;C:\Program Files\Git\cmd;C:\Program Files (x86)\WiX Toolset v3.14\bin;C:\Users\D\.cargo\bin;C:\Users\D\AppData\Local\Microsoft\WindowsApps;C:\Users\D\AppData\Local\Programs\Microsoft VS Code\bin;C:\Users\D\.dotnet\tools;C:\Users\D\AppData\Roaming\npm
USERNAME=D
OS=Windows_NT
PROCESSOR_IDENTIFIER=Intel64 Family 6 Model 142 Stepping 12, GenuineIntel
TMP=C:\Users\D\AppData\Local\Temp
TEMP=C:\Users\D\AppData\Local\Temp




Periodic native trim disabled

---------------  S Y S T E M  ---------------

OS:
 Windows 11 , 64 bit Build 26100 (10.0.26100.7309)
OS uptime: 3 days 23:03 hours
Hyper-V role detected

CPU: total 8 (initial active 8) (4 cores per cpu, 2 threads per core) family 6 model 142 stepping 12 microcode 0xfc, cx8, cmov, fxsr, ht, mmx, 3dnowpref, sse, sse2, sse3, ssse3, sse4.1, sse4.2, popcnt, lzcnt, tsc, tscinvbit, avx, avx2, aes, erms, clmul, bmi1, bmi2, adx, fma, vzeroupper, clflush, clflushopt, hv, rdtscp, f16c
Processor Information for the first 8 processors :
  Max Mhz: 2304, Current Mhz: 1803, Mhz Limit: 1797

Memory: 4k page, system-wide physical 16144M (3151M free)
TotalPageFile size 18192M (AvailPageFile size 114M)
current process WorkingSet (physical memory assigned to process): 12M, peak: 12M
current process commit charge ("private bytes"): 60M, peak: 187M

vm_info: OpenJDK 64-Bit Server VM (21.0.7+6-LTS) for windows-amd64 JRE (21.0.7+6-LTS), built on 2025-04-15T00:00:00Z by "admin" with MS VC++ 17.7 (VS2022)

END.
