#
# There is insufficient memory for the Java Runtime Environment to continue.
# Native memory allocation (mmap) failed to map 266338304 bytes. Error detail: G1 virtual space
# Possible reasons:
#   The system is out of physical RAM or swap space
#   This process is running with CompressedOops enabled, and the Java Heap may be blocking the growth of the native heap
# Possible solutions:
#   Reduce memory load on the system
#   Increase physical memory or swap space
#   Check if swap backing store is full
#   Decrease Java heap size (-Xmx/-Xms)
#   Decrease number of Java threads
#   Decrease Java thread stack sizes (-Xss)
#   Set larger code cache with -XX:ReservedCodeCacheSize=
#   JVM is running with Zero Based Compressed Oops mode in which the Java heap is
#     placed in the first 32GB address space. The Java Heap base address is the
#     maximum limit for the native heap growth. Please use -XX:HeapBaseMinAddress
#     to set the Java Heap base and to place the Java Heap above 32GB virtual address.
# This output file may be truncated or incomplete.
#
#  Out of Memory Error (os_windows.cpp:3713), pid=352, tid=6056
#
# JRE version:  (21.0.8+9) (build )
# Java VM: OpenJDK 64-Bit Server VM (21.0.8+9-LTS, mixed mode, sharing, tiered, compressed oops, compressed class ptrs, g1 gc, windows-amd64)
# No core dump will be written. Minidumps are not enabled by default on client versions of Windows
#

---------------  S U M M A R Y ------------

Command Line: -Dmaven.home=EMBEDDED -Dclassworlds.conf=D:\husam\javaproject\.metadata\.plugins\org.eclipse.m2e.launching\launches\m2conf4092568231265591774.tmp -Dmaven.multiModuleProjectDirectory=D:\husam\javaproject\MultiBranchRetailManagementSystem -Dm2e.build.project.data.socket.port=64452 -Dfile.encoding=UTF-8 -Dstdout.encoding=UTF-8 -Dstderr.encoding=UTF-8 -XX:+ShowCodeDetailsInExceptionMessages org.codehaus.plexus.classworlds.launcher.Launcher -B -Dstyle.color=always package

Host: Intel(R) Core(TM) i7-10510U CPU @ 1.80GHz, 8 cores, 15G,  Windows 11 , 64 bit Build 26100 (10.0.26100.7309)
Time: Thu Dec 25 12:27:42 2025 Malay Peninsula Standard Time elapsed time: 2.145255 seconds (0d 0h 0m 2s)

---------------  T H R E A D  ---------------

Current thread (0x000001bebd2f6b10):  JavaThread "Unknown thread" [_thread_in_vm, id=6056, stack(0x00000011caf00000,0x00000011cb000000) (1024K)]

Stack: [0x00000011caf00000,0x00000011cb000000]
Native frames: (J=compiled Java code, j=interpreted, Vv=VM code, C=native code)
V  [jvm.dll+0x6d2449]
V  [jvm.dll+0x8ae341]
V  [jvm.dll+0x8b08be]
V  [jvm.dll+0x8b0fa3]
V  [jvm.dll+0x280c96]
V  [jvm.dll+0x6cec15]
V  [jvm.dll+0x6c2c3a]
V  [jvm.dll+0x35867a]
V  [jvm.dll+0x360246]
V  [jvm.dll+0x3b1f9e]
V  [jvm.dll+0x3b2248]
V  [jvm.dll+0x32c8fc]
V  [jvm.dll+0x32d45b]
V  [jvm.dll+0x8775d9]
V  [jvm.dll+0x3bed71]
V  [jvm.dll+0x8605d3]
V  [jvm.dll+0x4530ee]
V  [jvm.dll+0x454d31]
C  [jli.dll+0x5278]
C  [ucrtbase.dll+0x37b0]
C  [KERNEL32.DLL+0x2e8d7]
C  [ntdll.dll+0x8c53c]


---------------  P R O C E S S  ---------------

Threads class SMR info:
_java_thread_list=0x00007ffd15c711c8, length=0, elements={
}

Java Threads: ( => current thread )
Total: 0

Other Threads:
  0x000001bebf6a2ef0 WorkerThread "GC Thread#0"                     [id=22632, stack(0x00000011cb000000,0x00000011cb100000) (1024K)]
  0x000001bebf6b3b90 ConcurrentGCThread "G1 Main Marker"            [id=2384, stack(0x00000011cb100000,0x00000011cb200000) (1024K)]
  0x000001bebf6b6910 WorkerThread "G1 Conc#0"                       [id=14364, stack(0x00000011cb200000,0x00000011cb300000) (1024K)]

[error occurred during error reporting (printing all threads), id 0xc0000005, EXCEPTION_ACCESS_VIOLATION (0xc0000005) at pc=0x00007ffd1536f137]
VM state: not at safepoint (not fully initialized)

VM Mutex/Monitor currently owned by a thread:  ([mutex/lock_event])
[0x00007ffd15ce5558] Heap_lock - owner thread: 0x000001bebd2f6b10

Heap address: 0x0000000703a00000, size: 4038 MB, Compressed Oops mode: Zero based, Oop shift amount: 3

CDS archive(s) mapped at: [0x0000000000000000-0x0000000000000000-0x0000000000000000), size 0, SharedBaseAddress: 0x0000000800000000, ArchiveRelocationMode: 1.
Narrow klass base: 0x0000000000000000, Narrow klass shift: 0, Narrow klass range: 0x0

GC Precious Log:
 CardTable entry size: 512
 Card Set container configuration: InlinePtr #cards 4 size 8 Array Of Cards #cards 16 size 48 Howl #buckets 8 coarsen threshold 3686 Howl Bitmap #cards 512 size 80 coarsen threshold 460 Card regions per heap region 1 cards per card region 4096

Heap:
 garbage-first heap   total 0K, used 0K [0x0000000703a00000, 0x0000000800000000)
  region size 2048K, 0 young (0K), 0 survivors (0K)

[error occurred during error reporting (printing heap information), id 0xc0000005, EXCEPTION_ACCESS_VIOLATION (0xc0000005) at pc=0x00007ffd1575bba9]
GC Heap History (0 events):
No events

Dll operation events (1 events):
Event: 0.026 Loaded shared library D:\husam\eclipse-java-2025-09-R-win32-x86_64\plugins\org.eclipse.justj.openjdk.hotspot.jre.full.win32.x86_64_21.0.8.v20250724-1412\jre\bin\java.dll

Deoptimization events (0 events):
No events

Classes loaded (0 events):
No events

Classes unloaded (0 events):
No events

Classes redefined (0 events):
No events

Internal exceptions (0 events):
No events

ZGC Phase Switch (0 events):
No events

VM Operations (0 events):
No events

Memory protections (0 events):
No events

Nmethod flushes (0 events):
No events

Events (0 events):
No events


Dynamic libraries:
0x00007ff703710000 - 0x00007ff70371e000 	D:\husam\eclipse-java-2025-09-R-win32-x86_64\plugins\org.eclipse.justj.openjdk.hotspot.jre.full.win32.x86_64_21.0.8.v20250724-1412\jre\bin\javaw.exe
0x00007ffdc6940000 - 0x00007ffdc6ba7000 	C:\WINDOWS\SYSTEM32\ntdll.dll
0x00007ffdc5ce0000 - 0x00007ffdc5da9000 	C:\WINDOWS\System32\KERNEL32.DLL
0x00007ffdc3b50000 - 0x00007ffdc3f3f000 	C:\WINDOWS\System32\KERNELBASE.dll
0x00007ffdc4160000 - 0x00007ffdc42ab000 	C:\WINDOWS\System32\ucrtbase.dll
0x00007ffdad940000 - 0x00007ffdad95e000 	D:\husam\eclipse-java-2025-09-R-win32-x86_64\plugins\org.eclipse.justj.openjdk.hotspot.jre.full.win32.x86_64_21.0.8.v20250724-1412\jre\bin\VCRUNTIME140.dll
0x00007ffdad710000 - 0x00007ffdad728000 	D:\husam\eclipse-java-2025-09-R-win32-x86_64\plugins\org.eclipse.justj.openjdk.hotspot.jre.full.win32.x86_64_21.0.8.v20250724-1412\jre\bin\jli.dll
0x00007ffdc47d0000 - 0x00007ffdc4995000 	C:\WINDOWS\System32\USER32.dll
0x00007ffdc46b0000 - 0x00007ffdc46d7000 	C:\WINDOWS\System32\win32u.dll
0x00007ffdbac30000 - 0x00007ffdbaec3000 	C:\WINDOWS\WinSxS\amd64_microsoft.windows.common-controls_6595b64144ccf1df_6.0.26100.7309_none_3e05feeae336a044\COMCTL32.dll
0x00007ffdc4720000 - 0x00007ffdc474b000 	C:\WINDOWS\System32\GDI32.dll
0x00007ffdc49a0000 - 0x00007ffdc4a49000 	C:\WINDOWS\System32\msvcrt.dll
0x00007ffdc44d0000 - 0x00007ffdc45fc000 	C:\WINDOWS\System32\gdi32full.dll
0x00007ffdc4600000 - 0x00007ffdc46a3000 	C:\WINDOWS\System32\msvcp_win.dll
0x00007ffdc46e0000 - 0x00007ffdc4711000 	C:\WINDOWS\System32\IMM32.DLL
0x00007ffdae8d0000 - 0x00007ffdae8dc000 	D:\husam\eclipse-java-2025-09-R-win32-x86_64\plugins\org.eclipse.justj.openjdk.hotspot.jre.full.win32.x86_64_21.0.8.v20250724-1412\jre\bin\vcruntime140_1.dll
0x00007ffd83ec0000 - 0x00007ffd83f4d000 	D:\husam\eclipse-java-2025-09-R-win32-x86_64\plugins\org.eclipse.justj.openjdk.hotspot.jre.full.win32.x86_64_21.0.8.v20250724-1412\jre\bin\msvcp140.dll
0x00007ffd15030000 - 0x00007ffd15dc7000 	D:\husam\eclipse-java-2025-09-R-win32-x86_64\plugins\org.eclipse.justj.openjdk.hotspot.jre.full.win32.x86_64_21.0.8.v20250724-1412\jre\bin\server\jvm.dll
0x00007ffdc5db0000 - 0x00007ffdc5e64000 	C:\WINDOWS\System32\ADVAPI32.dll
0x00007ffdc5730000 - 0x00007ffdc57d6000 	C:\WINDOWS\System32\sechost.dll
0x00007ffdc4c30000 - 0x00007ffdc4d48000 	C:\WINDOWS\System32\RPCRT4.dll
0x00007ffdc4a50000 - 0x00007ffdc4ac4000 	C:\WINDOWS\System32\WS2_32.dll
0x00007ffdb0900000 - 0x00007ffdb0935000 	C:\WINDOWS\SYSTEM32\WINMM.dll
0x00007ffdc38f0000 - 0x00007ffdc394e000 	C:\WINDOWS\SYSTEM32\POWRPROF.dll
0x00007ffdb5480000 - 0x00007ffdb548b000 	C:\WINDOWS\SYSTEM32\VERSION.dll
0x00007ffdc38d0000 - 0x00007ffdc38e4000 	C:\WINDOWS\SYSTEM32\UMPDC.dll
0x00007ffdc2800000 - 0x00007ffdc281b000 	C:\WINDOWS\SYSTEM32\kernel.appcore.dll
0x00007ffdbf3c0000 - 0x00007ffdbf3ca000 	D:\husam\eclipse-java-2025-09-R-win32-x86_64\plugins\org.eclipse.justj.openjdk.hotspot.jre.full.win32.x86_64_21.0.8.v20250724-1412\jre\bin\jimage.dll
0x00007ffdbcba0000 - 0x00007ffdbcde2000 	C:\WINDOWS\SYSTEM32\DBGHELP.DLL
0x00007ffdc5950000 - 0x00007ffdc5cd5000 	C:\WINDOWS\System32\combase.dll
0x00007ffdc4d50000 - 0x00007ffdc4e26000 	C:\WINDOWS\System32\OLEAUT32.dll
0x00007ffdbb350000 - 0x00007ffdbb38c000 	C:\WINDOWS\SYSTEM32\dbgcore.DLL
0x00007ffdc4420000 - 0x00007ffdc44c5000 	C:\WINDOWS\System32\bcryptPrimitives.dll
0x00007ffdbec90000 - 0x00007ffdbecaf000 	D:\husam\eclipse-java-2025-09-R-win32-x86_64\plugins\org.eclipse.justj.openjdk.hotspot.jre.full.win32.x86_64_21.0.8.v20250724-1412\jre\bin\java.dll

JVMTI agents: none

dbghelp: loaded successfully - version: 4.0.5 - missing functions: none
symbol engine: initialized successfully - sym options: 0x614 - pdb path: .;D:\husam\eclipse-java-2025-09-R-win32-x86_64\plugins\org.eclipse.justj.openjdk.hotspot.jre.full.win32.x86_64_21.0.8.v20250724-1412\jre\bin;C:\WINDOWS\SYSTEM32;C:\WINDOWS\WinSxS\amd64_microsoft.windows.common-controls_6595b64144ccf1df_6.0.26100.7309_none_3e05feeae336a044;D:\husam\eclipse-java-2025-09-R-win32-x86_64\plugins\org.eclipse.justj.openjdk.hotspot.jre.full.win32.x86_64_21.0.8.v20250724-1412\jre\bin\server

VM Arguments:
jvm_args: -Dmaven.home=EMBEDDED -Dclassworlds.conf=D:\husam\javaproject\.metadata\.plugins\org.eclipse.m2e.launching\launches\m2conf4092568231265591774.tmp -Dmaven.multiModuleProjectDirectory=D:\husam\javaproject\MultiBranchRetailManagementSystem -Dm2e.build.project.data.socket.port=64452 -Dfile.encoding=UTF-8 -Dstdout.encoding=UTF-8 -Dstderr.encoding=UTF-8 -XX:+ShowCodeDetailsInExceptionMessages 
java_command: org.codehaus.plexus.classworlds.launcher.Launcher -B -Dstyle.color=always package
java_class_path (initial): D:\husam\eclipse-java-2025-09-R-win32-x86_64\plugins\org.eclipse.m2e.maven.runtime_3.9.1100.20250811-2018\jars\plexus-classworlds-2.9.0.jar
Launcher Type: SUN_STANDARD

[Global flags]
     intx CICompilerCount                          = 4                                         {product} {ergonomic}
     uint ConcGCThreads                            = 2                                         {product} {ergonomic}
     uint G1ConcRefinementThreads                  = 8                                         {product} {ergonomic}
   size_t G1HeapRegionSize                         = 2097152                                   {product} {ergonomic}
    uintx GCDrainStackTargetSize                   = 64                                        {product} {ergonomic}
   size_t InitialHeapSize                          = 266338304                                 {product} {ergonomic}
   size_t MarkStackSize                            = 4194304                                   {product} {ergonomic}
   size_t MaxHeapSize                              = 4234149888                                {product} {ergonomic}
   size_t MinHeapDeltaBytes                        = 2097152                                   {product} {ergonomic}
   size_t MinHeapSize                              = 8388608                                   {product} {ergonomic}
    uintx NonNMethodCodeHeapSize                   = 5839372                                {pd product} {ergonomic}
    uintx NonProfiledCodeHeapSize                  = 122909434                              {pd product} {ergonomic}
    uintx ProfiledCodeHeapSize                     = 122909434                              {pd product} {ergonomic}
    uintx ReservedCodeCacheSize                    = 251658240                              {pd product} {ergonomic}
     bool SegmentedCodeCache                       = true                                      {product} {ergonomic}
     bool ShowCodeDetailsInExceptionMessages       = true                                   {manageable} {command line}
   size_t SoftMaxHeapSize                          = 4234149888                             {manageable} {ergonomic}
     bool UseCompressedOops                        = true                           {product lp64_product} {ergonomic}
     bool UseG1GC                                  = true                                      {product} {ergonomic}
     bool UseLargePagesIndividualAllocation        = false                                  {pd product} {ergonomic}

Logging:
Log output configuration:
 #0: stdout all=warning uptime,level,tags foldmultilines=false
 #1: stderr all=off uptime,level,tags foldmultilines=false

Environment Variables:
PATH=D:/husam/eclipse-java-2025-09-R-win32-x86_64//plugins/org.eclipse.justj.openjdk.hotspot.jre.full.win32.x86_64_21.0.8.v20250724-1412/jre/bin/server;D:/husam/eclipse-java-2025-09-R-win32-x86_64//plugins/org.eclipse.justj.openjdk.hotspot.jre.full.win32.x86_64_21.0.8.v20250724-1412/jre/bin;C:\Python314\Scripts\;C:\Python314\;C:\Program Files\Eclipse Adoptium\jdk-21.0.7.6-hotspot\bin;C:\Program Files (x86)\Common Files\Oracle\Java\javapath;C:\Program Files (x86)\Common Files\Intel\Shared Libraries\redist\intel64\compiler;C:\Windows\system32;C:\Windows;C:\Windows\System32\Wbem;C:\Windows\System32\WindowsPowerShell\v1.0\;C:\Windows\System32\OpenSSH\;C:\Program Files\dotnet\;C:\Program Files (x86)\NVIDIA Corporation\PhysX\Common;C:\WINDOWS\system32;C:\WINDOWS;C:\WINDOWS\System32\Wbem;C:\WINDOWS\System32\WindowsPowerShell\v1.0\;C:\WINDOWS\System32\OpenSSH\;C:\Program Files (x86)\ATI Technologies\ATI.ACE\Core-Static;C:\msys64\mingw64\bin;C:\Program Files (x86)\Windows Kits\10\Windows Performance Toolkit\;C:\apache-jmeter-5.6.3\bin;C:\Program Files\NVIDIA Corporation\NVIDIA App\NvDLISR;C:\Users\D\.cargo\bin;C:\Program Files\usbipd-win\;C:\Program Files\nodejs\;C:\ProgramData\chocolatey\bin;C:\Program Files\Git\cmd;C:\Program Files (x86)\WiX Toolset v3.14\bin;C:\Users\D\.cargo\bin;C:\Users\D\AppData\Local\Microsoft\WindowsApps;C:\Users\D\AppData\Local\Programs\Microsoft VS Code\bin;C:\Users\D\.dotnet\tools;C:\Users\D\AppData\Roaming\npm;D:\husam\eclipse-java-2025-09-R-win32-x86_64;
USERNAME=D
OS=Windows_NT
PROCESSOR_IDENTIFIER=Intel64 Family 6 Model 142 Stepping 12, GenuineIntel
TMP=C:\Users\D\AppData\Local\Temp
TEMP=C:\Users\D\AppData\Local\Temp




Periodic native trim disabled

---------------  S Y S T E M  ---------------

OS:
 Windows 11 , 64 bit Build 26100 (10.0.26100.7309)
OS uptime: 3 days 23:04 hours
Hyper-V role detected

CPU: total 8 (initial active 8) (4 cores per cpu, 2 threads per core) family 6 model 142 stepping 12 microcode 0xfc, cx8, cmov, fxsr, ht, mmx, 3dnowpref, sse, sse2, sse3, ssse3, sse4.1, sse4.2, popcnt, lzcnt, tsc, tscinvbit, avx, avx2, aes, erms, clmul, bmi1, bmi2, adx, fma, vzeroupper, clflush, clflushopt, hv, rdtscp, f16c
Processor Information for the first 8 processors :
  Max Mhz: 2304, Current Mhz: 1803, Mhz Limit: 1797

Memory: 4k page, system-wide physical 16144M (3133M free)
TotalPageFile size 18192M (AvailPageFile size 124M)
current process WorkingSet (physical memory assigned to process): 12M, peak: 12M
current process commit charge ("private bytes"): 60M, peak: 314M

vm_info: OpenJDK 64-Bit Server VM (21.0.8+9-LTS) for windows-amd64 JRE (21.0.8+9-LTS), built on 2025-07-15T00:00:00Z by "admin" with MS VC++ 17.7 (VS2022)

END.
